<class>
	<keyword> class </keyword>
	<identifier> erana06 </identifier>
	<symbol> { </symbol>
	<subroutineDec>
		<keyword> constructor </keyword>
		<identifier> String </identifier>
		<identifier> benny </identifier>
		<symbol> ( </symbol>
		<parameterList>
		</parameterList>
		<symbol> ) </symbol>
		<subroutineBody>
            <symbol> { </symbol>
			<varDec>
				<keyword> var </keyword>
				<keyword> int </keyword>
				<identifier> a </identifier>
				<symbol> , </symbol>
				<identifier> b </identifier>
				<symbol> , </symbol>
				<identifier> c </identifier>
				<symbol> , </symbol>
				<identifier> d </identifier>
				<symbol> , </symbol>
				<identifier> e </identifier>
				<symbol> , </symbol>
				<identifier> f </identifier>
				<symbol> , </symbol>
				<identifier> g </identifier>
				<symbol> ; </symbol>
			</varDec>
			<statements>
			</statements>
            <symbol> } </symbol>
		</subroutineBody>
	</subroutineDec>
	<symbol> } </symbol>
</class>
